[preview.colorlib.com/theme/charity2/index.html]
[backblue.gif]
[fade.gif]
[index.html]
[preview.colorlib.com/theme/charity2/css/bootstrap.min.css]
[preview.colorlib.com/theme/charity2/css/owl.carousel.css]
[preview.colorlib.com/theme/charity2/css/owl.theme.default.css]
[preview.colorlib.com/theme/charity2/css/font-awesome.min.css]
[preview.colorlib.com/theme/charity2/css/style.css]
[preview.colorlib.com/theme/charity2/index-2.html]
[preview.colorlib.com/theme/charity2/img/logo.png]
[preview.colorlib.com/theme/charity2/single-cause.html]
[preview.colorlib.com/theme/charity2/single-event.html]
[preview.colorlib.com/theme/charity2/blog.html]
[preview.colorlib.com/theme/charity2/single-blog.html]
[preview.colorlib.com/theme/charity2/img/background-1.jpg]
[preview.colorlib.com/theme/charity2/img/background-2.jpg]
[preview.colorlib.com/theme/charity2/img/about.jpg]
[preview.colorlib.com/theme/charity2/img/post-1.jpg]
[preview.colorlib.com/theme/charity2/img/post-2.jpg]
[preview.colorlib.com/theme/charity2/img/post-3.jpg]
[preview.colorlib.com/theme/charity2/img/post-4.jpg]
[preview.colorlib.com/theme/charity2/img/post-5.jpg]
[preview.colorlib.com/theme/charity2/img/post-6.jpg]
[preview.colorlib.com/theme/charity2/img/event-1.jpg]
[preview.colorlib.com/theme/charity2/img/event-2.jpg]
[preview.colorlib.com/theme/charity2/img/event-3.jpg]
[preview.colorlib.com/theme/charity2/img/event-4.jpg]
[preview.colorlib.com/theme/charity2/img/avatar-1.jpg]
[preview.colorlib.com/theme/charity2/img/avatar-2.jpg]
[preview.colorlib.com/theme/charity2/img/galery-1.jpg]
[preview.colorlib.com/theme/charity2/img/galery-2.jpg]
[preview.colorlib.com/theme/charity2/img/galery-3.jpg]
[preview.colorlib.com/theme/charity2/img/galery-4.jpg]
[preview.colorlib.com/theme/charity2/img/galery-5.jpg]
[preview.colorlib.com/theme/charity2/img/galery-6.jpg]
[preview.colorlib.com/cdn-cgi/scripts/5c5dd728/cloudflare-static/email-decode.min.js]
[preview.colorlib.com/theme/charity2/js/jquery.min.js]
[preview.colorlib.com/theme/charity2/js/bootstrap.min.js]
[preview.colorlib.com/theme/charity2/js/owl.carousel.min.js]
[preview.colorlib.com/theme/charity2/js/jquery.stellar.min.js]
[preview.colorlib.com/theme/charity2/index.html]
[preview.colorlib.com/theme/charity2/js/main.js]
[fonts.googleapis.com/csse965.css]
[preview.colorlib.com/theme/charity2/index-2.html]
[preview.colorlib.com/theme/charity2/img/post-img.jpg]
[preview.colorlib.com/theme/charity2/img/widget-1.jpg]
[preview.colorlib.com/theme/charity2/img/widget-2.jpg]
[preview.colorlib.com/theme/charity2/img/widget-3.jpg]
[preview.colorlib.com/theme/charity2/single-cause.html]
[preview.colorlib.com/theme/charity2/single-event.html]
[preview.colorlib.com/theme/charity2/blog.html]
[preview.colorlib.com/theme/charity2/single-blog.html]
[preview.colorlib.com/theme/charity2/fonts/glyphicons-halflings-regular.eot]
[preview.colorlib.com/cdn-cgi/scripts/5c5dd728/cloudflare-static/email-decode.min.js]
[preview.colorlib.com/theme/charity2/fonts/glyphicons-halflings-regulard41d.eot]
[preview.colorlib.com/theme/charity2/fonts/glyphicons-halflings-regular.woff2]
[preview.colorlib.com/theme/charity2/fonts/glyphicons-halflings-regular.woff]
[preview.colorlib.com/theme/charity2/fonts/glyphicons-halflings-regular.ttf]
[preview.colorlib.com/theme/charity2/fonts/glyphicons-halflings-regular.svg]
[preview.colorlib.com/theme/charity2/css/bootstrap.min.css]
[preview.colorlib.com/theme/charity2/css/owl.video.play.png]
[preview.colorlib.com/theme/charity2/css/owl.carousel.css]
[preview.colorlib.com/theme/charity2/css/owl.theme.default.css]
[preview.colorlib.com/theme/charity2/fonts/fontawesome-webfont3e6e.eot]
[preview.colorlib.com/theme/charity2/fonts/fontawesome-webfontd41d.eot]
[preview.colorlib.com/theme/charity2/fonts/fontawesome-webfont3e6e.woff2]
[preview.colorlib.com/theme/charity2/fonts/fontawesome-webfont3e6e.woff]
[preview.colorlib.com/theme/charity2/fonts/fontawesome-webfont3e6e.ttf]
[preview.colorlib.com/theme/charity2/css/font-awesome.min.css]
[preview.colorlib.com/theme/charity2/css/style.css]
[preview.colorlib.com/cdn-cgi/zaraz/sd0d9.js]
[preview.colorlib.com/theme/charity2/fonts/glyphicons-halflings-regular.html]
[preview.colorlib.com/theme/charity2/fonts/glyphicons-halflings-regulard41d.html]
[preview.colorlib.com/theme/charity2/fonts/glyphicons-halflings-regular-2.html]
[preview.colorlib.com/theme/charity2/fonts/glyphicons-halflings-regular-3.html]
[preview.colorlib.com/theme/charity2/fonts/glyphicons-halflings-regular-4.html]
[preview.colorlib.com/theme/charity2/fonts/glyphicons-halflings-regular-5.html]
[preview.colorlib.com/theme/charity2/css/owl.video.play.html]
[preview.colorlib.com/theme/charity2/fonts/fontawesome-webfont3e6e.svg]
[preview.colorlib.com/theme/charity2/fonts/fontawesome-webfont3e6e.svg]
